2026-06-14 19:31:35,002 DEBUG    root            Loaded Command Group: ['gcloud', 'auth']
2026-06-14 19:31:35,051 DEBUG    root            Loaded Command Group: ['gcloud', 'auth', 'print_access_token']
2026-06-14 19:31:35,052 DEBUG    root            Running [gcloud.auth.print-access-token] with arguments: []
2026-06-14 19:31:35,052 DEBUG    root            Failed to read GCE cache file: [Errno 2] No such file or directory: '/config/gce'
2026-06-14 19:31:35,070 DEBUG    root            Failed to check metadata server: <urlopen error [Errno -2] Name or service not known>
2026-06-14 19:31:35,070 DEBUG    root            On GCE from server: False
2026-06-14 19:31:35,072 WARNING  root            Could not open the configuration file: [/config/configurations/config_default].
2026-06-14 19:31:35,072 DEBUG    root            (gcloud.auth.print-access-token) You do not currently have an active account selected.
Please run:

  $ gcloud auth login

to obtain new credentials.

If you have already logged in with a different account, run:

  $ gcloud config set account ACCOUNT

to select an already authenticated account to use.
Traceback (most recent call last):
  File "/usr/lib/google-cloud-sdk/lib/googlecloudsdk/calliope/cli.py", line 941, in Execute
    resources = calliope_command.Run(cli=self, args=args)
  File "/usr/lib/google-cloud-sdk/lib/googlecloudsdk/calliope/backend.py", line 968, in Run
    resources = command_instance.Run(args)
  File "/usr/lib/google-cloud-sdk/lib/googlecloudsdk/calliope/exceptions.py", line 138, in TryFunc
    return func(*args, **kwargs)
  File "/usr/lib/google-cloud-sdk/lib/surface/auth/print_access_token.py", line 176, in Run
    cred = auth_command_util.LoadCredentialsWithScopes(
        account=args.account,
    ...<2 lines>...
        impersonation_lifetime=args.lifetime,
    )
  File "/usr/lib/google-cloud-sdk/lib/googlecloudsdk/command_lib/auth/auth_util.py", line 76, in LoadCredentialsWithScopes
    cred = c_store.Load(
        account,
        allow_account_impersonation=True,
        cache_only_rapt=cache_only_rapt,
    )
  File "/usr/lib/google-cloud-sdk/lib/googlecloudsdk/core/credentials/store.py", line 825, in Load
    cred = _Load(
        account,
    ...<2 lines>...
        cache_only_rapt=cache_only_rapt,
    )
  File "/usr/lib/google-cloud-sdk/lib/googlecloudsdk/core/credentials/store.py", line 961, in _Load
    raise creds_exceptions.NoActiveAccountException(
        named_configs.ActiveConfig(False).file_path)
googlecloudsdk.core.credentials.exceptions.NoActiveAccountException: You do not currently have an active account selected.
Please run:

  $ gcloud auth login

to obtain new credentials.

If you have already logged in with a different account, run:

  $ gcloud config set account ACCOUNT

to select an already authenticated account to use.
2026-06-14 19:31:35,073 ERROR    root            (gcloud.auth.print-access-token) You do not currently have an active account selected.
Please run:

  $ gcloud auth login

to obtain new credentials.

If you have already logged in with a different account, run:

  $ gcloud config set account ACCOUNT

to select an already authenticated account to use.
