2026-06-14 19:42:18,528 DEBUG    root            Loaded Command Group: ['gcloud', 'run']
2026-06-14 19:42:18,891 DEBUG    root            Loaded Command Group: ['gcloud', 'run', 'services']
2026-06-14 19:42:19,155 DEBUG    root            Loaded Command Group: ['gcloud', 'run', 'services', 'proxy']
2026-06-14 19:42:19,157 DEBUG    root            Running [gcloud.run.services.proxy] with arguments: [--port: "8080", --project: "rez-cloud-lakehouse", --region: "us-central1", SERVICE: "lakehouse-polaris"]
2026-06-14 19:42:19,188 DEBUG    root            Failed to check metadata server: <urlopen error [Errno -2] Name or service not known>
2026-06-14 19:42:19,188 DEBUG    root            On GCE from server: False
2026-06-14 19:42:19,198 DEBUG    root            On GCE from memory cache: False
2026-06-14 19:42:19,198 DEBUG    root            (gcloud.run.services.proxy) You do not currently have an active account selected.
Please run:

  $ gcloud auth login

to obtain new credentials.

If you have already logged in with a different account, run:

  $ gcloud config set account ACCOUNT

to select an already authenticated account to use.
Traceback (most recent call last):
  File "/usr/lib/google-cloud-sdk/lib/googlecloudsdk/calliope/cli.py", line 941, in Execute
    resources = calliope_command.Run(cli=self, args=args)
  File "/usr/lib/google-cloud-sdk/lib/googlecloudsdk/calliope/backend.py", line 968, in Run
    resources = command_instance.Run(args)
  File "/usr/lib/google-cloud-sdk/lib/surface/run/services/proxy.py", line 118, in Run
    with serverless_operations.Connect(conn_context) as client:
         ~~~~~~~~~~~~~~~~~~~~~~~~~~~~~^^^^^^^^^^^^^^
  File "/usr/lib/python3.13/contextlib.py", line 141, in __enter__
    return next(self.gen)
  File "/usr/lib/google-cloud-sdk/lib/googlecloudsdk/command_lib/run/serverless_operations.py", line 115, in Connect
    op_client = apis.GetClientInstance(
        conn_context.api_name,
    ...<2 lines>...
        location=conn_context.region,
    )
  File "/usr/lib/google-cloud-sdk/lib/googlecloudsdk/api_lib/util/apis.py", line 279, in GetClientInstance
    return apis_internal._GetClientInstance(
           ~~~~~~~~~~~~~~~~~~~~~~~~~~~~~~~~^
        api_name,
        ^^^^^^^^^
    ...<5 lines>...
        region=regional.LocationToRegion(location) if location else None,
        ^^^^^^^^^^^^^^^^^^^^^^^^^^^^^^^^^^^^^^^^^^^^^^^^^^^^^^^^^^^^^^^^^
    )
    ^
  File "/usr/lib/google-cloud-sdk/lib/googlecloudsdk/api_lib/util/apis_internal.py", line 175, in _GetClientInstance
    http_client = transports.GetApitoolsTransport(
        response_encoding=transport.ENCODING,
        timeout=http_timeout_sec if http_timeout_sec else 'unset')
  File "/usr/lib/google-cloud-sdk/lib/googlecloudsdk/core/credentials/transports.py", line 69, in GetApitoolsTransport
    session = requests.GetSession(
        timeout=timeout,
    ...<4 lines>...
        redact_request_body_reason=redact_request_body_reason,
    )
  File "/usr/lib/google-cloud-sdk/lib/googlecloudsdk/core/credentials/requests.py", line 81, in GetSession
    credentials = store.LoadIfEnabled(
        allow_account_impersonation
    )
  File "/usr/lib/google-cloud-sdk/lib/googlecloudsdk/core/credentials/store.py", line 601, in LoadIfEnabled
    return Load(
        allow_account_impersonation=allow_account_impersonation)
  File "/usr/lib/google-cloud-sdk/lib/googlecloudsdk/core/credentials/store.py", line 825, in Load
    cred = _Load(
        account,
    ...<2 lines>...
        cache_only_rapt=cache_only_rapt,
    )
  File "/usr/lib/google-cloud-sdk/lib/googlecloudsdk/core/credentials/store.py", line 961, in _Load
    raise creds_exceptions.NoActiveAccountException(
        named_configs.ActiveConfig(False).file_path)
googlecloudsdk.core.credentials.exceptions.NoActiveAccountException: You do not currently have an active account selected.
Please run:

  $ gcloud auth login

to obtain new credentials.

If you have already logged in with a different account, run:

  $ gcloud config set account ACCOUNT

to select an already authenticated account to use.
2026-06-14 19:42:19,201 ERROR    root            (gcloud.run.services.proxy) You do not currently have an active account selected.
Please run:

  $ gcloud auth login

to obtain new credentials.

If you have already logged in with a different account, run:

  $ gcloud config set account ACCOUNT

to select an already authenticated account to use.
