[0m21:55:54.501400 [debug] [MainThread]: Sending event: {'category': 'dbt', 'action': 'invocation', 'label': 'start', 'context': [<snowplow_tracker.self_describing_json.SelfDescribingJson object at 0xffffa809e7b0>, <snowplow_tracker.self_describing_json.SelfDescribingJson object at 0xffffab192ad0>, <snowplow_tracker.self_describing_json.SelfDescribingJson object at 0xffffa6e73c50>]}


============================== 21:55:54.505320 | 907aa56e-a9c5-41f8-9859-207f36c0660b ==============================
[0m21:55:54.505320 [info ] [MainThread]: Running with dbt=1.11.11
[0m21:55:54.505573 [debug] [MainThread]: running dbt with arguments {'introspect': 'True', 'log_cache_events': 'False', 'empty': 'None', 'use_colors': 'True', 'partial_parse': 'True', 'printer_width': '80', 'static_parser': 'True', 'invocation_command': 'dbt init lakehouse', 'log_format': 'default', 'no_print': 'None', 'warn_error': 'None', 'warn_error_options': 'WarnErrorOptionsV2(error=[], warn=[], silence=[])', 'fail_fast': 'False', 'debug': 'False', 'cache_selected_only': 'False', 'log_path': 'logs', 'send_anonymous_usage_stats': 'True', 'profiles_dir': '/root/.dbt', 'target_path': 'None', 'indirect_selection': 'eager', 'version_check': 'True', 'use_experimental_parser': 'False', 'quiet': 'False', 'write_json': 'True'}
[0m21:55:54.508808 [info ] [MainThread]: Creating dbt configuration folder at /root/.dbt
[0m21:55:54.510315 [debug] [MainThread]: Starter project path: /usr/local/lib/python3.13/site-packages/dbt/include/starter_project
[0m21:55:54.519491 [info ] [MainThread]: 
Your new dbt project "lakehouse" was created!

For more information on how to configure the profiles.yml file,
please consult the dbt documentation here:

  https://docs.getdbt.com/docs/configure-your-profile

One more thing:

Need help? Don't hesitate to reach out to us via GitHub issues or on Slack:

  https://community.getdbt.com/

Happy modeling!

[0m21:55:54.519753 [info ] [MainThread]: Setting up your profile.
[0m21:55:56.507541 [info ] [MainThread]: Profile lakehouse written to /root/.dbt/profiles.yml using target's sample configuration. Once updated, you'll be able to start developing with dbt.
[0m21:55:56.508265 [debug] [MainThread]: Resource report: {"command_name": "init", "command_success": true, "command_wall_clock_time": 2.0259995, "process_in_blocks": "0", "process_kernel_time": 0.125138, "process_mem_max_rss": "138516", "process_out_blocks": "2868", "process_user_time": 0.557068}
[0m21:55:56.508509 [debug] [MainThread]: Command `dbt init` succeeded at 21:55:56.508466 after 2.03 seconds
[0m21:55:56.508688 [debug] [MainThread]: Sending event: {'category': 'dbt', 'action': 'invocation', 'label': 'end', 'context': [<snowplow_tracker.self_describing_json.SelfDescribingJson object at 0xffffa6c955b0>, <snowplow_tracker.self_describing_json.SelfDescribingJson object at 0xffffa75704d0>, <snowplow_tracker.self_describing_json.SelfDescribingJson object at 0xffffa6d50d10>]}
[0m21:55:56.508871 [debug] [MainThread]: Flushing usage events
[0m21:55:56.919690 [debug] [MainThread]: An error was encountered while trying to flush usage events
[0m22:45:24.567894 [debug] [MainThread]: Sending event: {'category': 'dbt', 'action': 'invocation', 'label': 'start', 'context': [<snowplow_tracker.self_describing_json.SelfDescribingJson object at 0xffff8a3de7b0>, <snowplow_tracker.self_describing_json.SelfDescribingJson object at 0xffff8d4d2ad0>, <snowplow_tracker.self_describing_json.SelfDescribingJson object at 0xffff891bbc50>]}


============================== 22:45:24.575906 | 8bcd3702-e6cf-4b4d-b41c-b45f2c9c52be ==============================
[0m22:45:24.575906 [info ] [MainThread]: Running with dbt=1.11.11
[0m22:45:24.576447 [debug] [MainThread]: running dbt with arguments {'indirect_selection': 'eager', 'log_cache_events': 'False', 'version_check': 'True', 'empty': 'None', 'cache_selected_only': 'False', 'write_json': 'True', 'warn_error': 'None', 'printer_width': '80', 'log_format': 'default', 'debug': 'False', 'partial_parse': 'True', 'target_path': 'None', 'invocation_command': 'dbt debug', 'log_path': 'logs', 'no_print': 'None', 'use_colors': 'True', 'profiles_dir': '/app', 'fail_fast': 'False', 'warn_error_options': 'WarnErrorOptionsV2(error=[], warn=[], silence=[])', 'use_experimental_parser': 'False', 'introspect': 'True', 'static_parser': 'True', 'send_anonymous_usage_stats': 'True', 'quiet': 'False'}
[0m22:45:24.585127 [info ] [MainThread]: dbt version: 1.11.11
[0m22:45:24.585506 [info ] [MainThread]: python version: 3.13.13
[0m22:45:24.585897 [info ] [MainThread]: python path: /usr/local/bin/python3.13
[0m22:45:24.586324 [info ] [MainThread]: os info: Linux-6.12.76-linuxkit-aarch64-with-glibc2.41
[0m22:45:24.688067 [info ] [MainThread]: Using profiles dir at /app
[0m22:45:24.688985 [info ] [MainThread]: Using profiles.yml file at /app/profiles.yml
[0m22:45:24.689230 [info ] [MainThread]: Using dbt_project.yml file at /app/dbt_project.yml
[0m22:45:24.689619 [info ] [MainThread]: Configuration:
[0m22:45:24.689829 [info ] [MainThread]:   profiles.yml file [[31mERROR invalid[0m]
[0m22:45:24.690201 [info ] [MainThread]:   dbt_project.yml file [[31mERROR not found[0m]
[0m22:45:24.690556 [info ] [MainThread]: Required dependencies:
[0m22:45:24.690867 [debug] [MainThread]: Executing "git --help"
[0m22:45:24.691585 [info ] [MainThread]:  - git [[31mERROR[0m]

[0m22:45:24.691808 [info ] [MainThread]: Connection test skipped since no profile was found
[0m22:45:24.692073 [info ] [MainThread]: [31m3 checks failed:[0m
[0m22:45:24.692469 [info ] [MainThread]: Could not load dbt_project.yml
Profile loading failed for the following reason:
Runtime Error
  Credentials in profile "lakehouse", target "dev" invalid: [{'path': 'lakehouse', 'type': 'iceberg', 'alias': 'polaris', 'endpoint': 'http://host.docker.internal:8181/api/catalog', 'client_id': '26e37aa43a681871', 'client_secret': 'a6f57bd2d61c20413b776ad658ace4c1'}] is not valid under any of the given schemas


[0m22:45:24.692809 [info ] [MainThread]: Project loading failed for the following reason:
 project path </app/dbt_project.yml> not found

[0m22:45:24.693177 [info ] [MainThread]: Error from git --help: Could not find command, ensure it is in the user's PATH: "git"

[0m22:45:24.694663 [debug] [MainThread]: Resource report: {"command_name": "debug", "command_success": false, "command_wall_clock_time": 0.16851892, "process_in_blocks": "0", "process_kernel_time": 0.385823, "process_mem_max_rss": "139904", "process_out_blocks": "2854", "process_user_time": 1.318396}
[0m22:45:24.695260 [debug] [MainThread]: Command `dbt debug` failed at 22:45:24.695062 after 0.17 seconds
[0m22:45:24.695889 [debug] [MainThread]: Sending event: {'category': 'dbt', 'action': 'invocation', 'label': 'end', 'context': [<snowplow_tracker.self_describing_json.SelfDescribingJson object at 0xffff8904ad70>, <snowplow_tracker.self_describing_json.SelfDescribingJson object at 0xffff88f256d0>, <snowplow_tracker.self_describing_json.SelfDescribingJson object at 0xffff8908df20>]}
[0m22:45:24.696496 [debug] [MainThread]: Flushing usage events
[0m22:45:24.911275 [debug] [MainThread]: An error was encountered while trying to flush usage events
[0m01:37:00.882281 [debug] [MainThread]: Sending event: {'category': 'dbt', 'action': 'invocation', 'label': 'start', 'context': [<snowplow_tracker.self_describing_json.SelfDescribingJson object at 0xffff90c5e7b0>, <snowplow_tracker.self_describing_json.SelfDescribingJson object at 0xffff93d52ad0>, <snowplow_tracker.self_describing_json.SelfDescribingJson object at 0xffff8fa3bb10>]}


============================== 01:37:00.886830 | 09af7257-ee32-4e02-b873-4c4491001e59 ==============================
[0m01:37:00.886830 [info ] [MainThread]: Running with dbt=1.11.11
[0m01:37:00.887080 [debug] [MainThread]: running dbt with arguments {'indirect_selection': 'eager', 'debug': 'False', 'log_path': 'logs', 'write_json': 'True', 'log_format': 'default', 'log_cache_events': 'False', 'use_colors': 'True', 'use_experimental_parser': 'False', 'quiet': 'False', 'introspect': 'True', 'send_anonymous_usage_stats': 'True', 'empty': 'False', 'partial_parse': 'True', 'fail_fast': 'False', 'warn_error': 'None', 'warn_error_options': 'WarnErrorOptionsV2(error=[], warn=[], silence=[])', 'printer_width': '80', 'invocation_command': 'dbt run --select test_polaris_read.sql', 'static_parser': 'True', 'profiles_dir': '/app', 'cache_selected_only': 'False', 'no_print': 'None', 'target_path': 'None', 'version_check': 'True'}
[0m01:37:00.887372 [error] [MainThread]: Encountered an error:
Runtime Error
  No dbt_project.yml found at expected path /app/dbt_project.yml
  Verify that each entry within packages.yml (and their transitive dependencies) contains a file named dbt_project.yml
  
[0m01:37:00.887752 [debug] [MainThread]: Resource report: {"command_name": "run", "command_success": false, "command_wall_clock_time": 0.025069168, "process_in_blocks": "0", "process_kernel_time": 0.193336, "process_mem_max_rss": "105528", "process_out_blocks": "2851", "process_user_time": 0.526916}
[0m01:37:00.887925 [debug] [MainThread]: Command `dbt run` failed at 01:37:00.887886 after 0.03 seconds
[0m01:37:00.888065 [debug] [MainThread]: Sending event: {'category': 'dbt', 'action': 'invocation', 'label': 'end', 'context': [<snowplow_tracker.self_describing_json.SelfDescribingJson object at 0xffff8f89e520>, <snowplow_tracker.self_describing_json.SelfDescribingJson object at 0xffff8f853bf0>, <snowplow_tracker.self_describing_json.SelfDescribingJson object at 0xffff8fa3f350>]}
[0m01:37:00.888192 [debug] [MainThread]: Flushing usage events
[0m01:37:01.274701 [debug] [MainThread]: An error was encountered while trying to flush usage events
[0m02:01:34.724830 [debug] [MainThread]: Sending event: {'category': 'dbt', 'action': 'invocation', 'label': 'start', 'context': [<snowplow_tracker.self_describing_json.SelfDescribingJson object at 0xffff91a16270>, <snowplow_tracker.self_describing_json.SelfDescribingJson object at 0xffff94d56c10>, <snowplow_tracker.self_describing_json.SelfDescribingJson object at 0xffff90a3bed0>]}


============================== 02:01:34.726356 | 32b63e9e-18f2-40f9-9b4f-40fe45306ac9 ==============================
[0m02:01:34.726356 [info ] [MainThread]: Running with dbt=1.11.11
[0m02:01:34.726591 [debug] [MainThread]: running dbt with arguments {'write_json': 'True', 'log_path': 'logs', 'quiet': 'False', 'version_check': 'True', 'no_print': 'None', 'target_path': 'None', 'cache_selected_only': 'False', 'use_colors': 'True', 'indirect_selection': 'eager', 'profiles_dir': '/app', 'use_experimental_parser': 'False', 'send_anonymous_usage_stats': 'True', 'debug': 'False', 'log_format': 'default', 'log_cache_events': 'False', 'invocation_command': 'dbt run --select fact_session.sql', 'empty': 'False', 'static_parser': 'True', 'warn_error': 'None', 'warn_error_options': 'WarnErrorOptionsV2(error=[], warn=[], silence=[])', 'partial_parse': 'True', 'introspect': 'True', 'fail_fast': 'False', 'printer_width': '80'}
[0m02:01:34.726838 [error] [MainThread]: Encountered an error:
Runtime Error
  No dbt_project.yml found at expected path /app/dbt_project.yml
  Verify that each entry within packages.yml (and their transitive dependencies) contains a file named dbt_project.yml
  
[0m02:01:34.727189 [debug] [MainThread]: Resource report: {"command_name": "run", "command_success": false, "command_wall_clock_time": 0.021829417, "process_in_blocks": "0", "process_kernel_time": 0.052994, "process_mem_max_rss": "103928", "process_out_blocks": "3", "process_user_time": 0.43695}
[0m02:01:34.727365 [debug] [MainThread]: Command `dbt run` failed at 02:01:34.727331 after 0.02 seconds
[0m02:01:34.727488 [debug] [MainThread]: Sending event: {'category': 'dbt', 'action': 'invocation', 'label': 'end', 'context': [<snowplow_tracker.self_describing_json.SelfDescribingJson object at 0xffff9088e3f0>, <snowplow_tracker.self_describing_json.SelfDescribingJson object at 0xffff90a17530>, <snowplow_tracker.self_describing_json.SelfDescribingJson object at 0xffff90a1f020>]}
[0m02:01:34.727660 [debug] [MainThread]: Flushing usage events
[0m02:01:35.069605 [debug] [MainThread]: An error was encountered while trying to flush usage events
